 Beta activation of the GRPC server.

 Ansys Mechanical Enterprise Academic Student      


 *------------------------------------------------------------------*
 |                                                                  |
 |   W E L C O M E   T O   T H E   A N S Y S (R)  P R O G R A M     |
 |                                                                  |
 *------------------------------------------------------------------*




 ***************************************************************
 *         ANSYS MAPDL 2025 R1          LEGAL NOTICES          *
 ***************************************************************
 *                                                             *
 * Copyright 1971-2025 Ansys, Inc.  All rights reserved.       *
 * Unauthorized use, distribution or duplication is            *
 * prohibited.                                                 *
 *                                                             *
 * Ansys is a registered trademark of Ansys, Inc. or its       *
 * subsidiaries in the United States or other countries.       *
 * See the Ansys, Inc. online documentation or the Ansys, Inc. *
 * documentation CD or online help for the complete Legal      *
 * Notice.                                                     *
 *                                                             *
 ***************************************************************
 *                                                             *
 * THIS ANSYS SOFTWARE PRODUCT AND PROGRAM DOCUMENTATION       *
 * INCLUDE TRADE SECRETS AND CONFIDENTIAL AND PROPRIETARY      *
 * PRODUCTS OF ANSYS, INC., ITS SUBSIDIARIES, OR LICENSORS.    *
 * The software products and documentation are furnished by    *
 * Ansys, Inc. or its subsidiaries under a software license    *
 * agreement that contains provisions concerning               *
 * non-disclosure, copying, length and nature of use,          *
 * compliance with exporting laws, warranties, disclaimers,    *
 * limitations of liability, and remedies, and other           *
 * provisions.  The software products and documentation may be *
 * used, disclosed, transferred, or copied only in accordance  *
 * with the terms and conditions of that software license      *
 * agreement.                                                  *
 *                                                             *
 * Ansys, Inc. is a UL registered                              *
 * ISO 9001:2015 company.                                      *
 *                                                             *
 ***************************************************************
 *                                                             *
 * This product is subject to U.S. laws governing export and   *
 * re-export.                                                  *
 *                                                             *
 * For U.S. Government users, except as specifically granted   *
 * by the Ansys, Inc. software license agreement, the use,     *
 * duplication, or disclosure by the United States Government  *
 * is subject to restrictions stated in the Ansys, Inc.        *
 * software license agreement and FAR 12.212 (for non-DOD      *
 * licenses).                                                  *
 *                                                             *
 ***************************************************************

 2025 R1 
     
 Point Releases and Patches installed:   
     
 Ansys Service Pack 2025 R1.32   
 Discovery (full install) 2025 R1.32 
 Core WB Files 2025 R1.32
 Ansys Dynamic Reporting 2025 R1.32  
 CFX (includes CFD-Post) 2025 R1.32  
 Chemkin 2025 R1.32  
 EnSight 2025 R1.32  
 FENSAP-ICE 2025 R1.32   
 Fluent (includes CFD-Post) 2025 R1.32   
 Polyflow (includes CFD-Post) 2025 R1.32 
 Forte (includes EnSight) 2025 R1.32 
 Rocky 2025 R1.32
 TurboGrid 2025 R1.32
 ACIS Geometry Interface 2025 R1.32  
 AutoCAD Geometry Interface 2025 R1.32   
 Catia, Version 4 Geometry Interface 2025 R1.32  
 Catia, Version 5 Geometry Interface 2025 R1.32  
 Catia, Version 6 Geometry Interface 2025 R1.32  
 Creo Elements/Direct Modeling Geometry Interface 2025 R1.32 
 Creo Parametric Geometry Interface 2025 R1.32   
 Inventor Geometry Interface 2025 R1.32  
 JTOpen Geometry Interface 2025 R1.32
 NX Geometry Interface 2025 R1.32
 Parasolid Geometry Interface  2025 R1.32
 Solid Edge Geometry Interface 2025 R1.32
 SOLIDWORKS Geometry Interface 2025 R1.32
 Speos 2025 R1.32
 SpaceClaim 2025 R1.32   
 Speos RPC 2025 R1.32
 Aqwa 2025 R1.32 
 Autodyn 2025 R1.32  
 Material Calibration App 2025 R1.32 
 Mechanical Products 2025 R1.32  
 Motion 2025 R1.32   
 Academic Student 2025 R1.32 


          *****  MAPDL COMMAND LINE ARGUMENTS  *****
  INITIAL JOBNAME              = file                                                                                                                                                                                                                                                    
  BATCH MODE REQUESTED (-b)    = LIST
  INPUT FILE COPY MODE (-c)    = COPY
  SHARED MEMORY PARALLEL REQUESTED
    SINGLE PROCESS WITH   2 THREADS REQUESTED
    TOTAL OF     2 CORES REQUESTED
  INPUT FILE NAME              = D:\Work\Programming\Machine Learning\Python\Projects\FEML\ansys_temp\.__tmp__.inp
  OUTPUT FILE NAME             = D:\Work\Programming\Machine Learning\Python\Projects\FEML\ansys_temp\.__tmp__.out

 PARAMETER STATUS-           (   1 PARAMETERS DEFINED)

 NAME                              VALUE                        TYPE
 PORT                              50052.0000                    SCALAR

 RELEASE= 2025 R1              BUILD= 25.1      UP20241202   VERSION=WINDOWS x64 
 CURRENT JOBNAME=file  15:35:42  JAN 11, 2026 CP=      0.031

     1  FINISH 

 RUN SETUP PROCEDURE FROM FILE= E:\ANSYS Inc\ANSYS Student\v251\ANSYS\apdl\start.ans
 Start GRPC Server

 ##############################
 ### START GRPC SERVER      ###
 ##############################

 Server Executable   : MapdlGrpc.Server
 Server listening on : 0.0.0.0:50052

 /OUTPUT FILE= anstmp

 /OUTPUT FILE= anstmp

 /OUTPUT FILE=         
   *****MAPDL VERIFICATION RUN ONLY*****
     DO NOT USE RESULTS FOR PRODUCTION


          ***** TIME-HISTORY POSTPROCESSOR (POST26) *****

 ALL POST26 SPECIFICATIONS ARE RESET TO INITIAL DEFAULTS

 *** NOTE ***                            CP =       0.000   TIME= 00:00:00
 Geometry is not available.  Issue RESUME to restore database.           

 *** NOTE ***                            CP =       0.000   TIME= 00:00:00
 Unable to open default results file                                     
  Use FILE command to open a results file.                               

 *** WARNING ***                         CP =       0.000   TIME= 00:00:00
 The geometry is not available.  Issue the RESUME command to restore the 
 database.  The NUMVAR command is ignored.                               


 ***** ROUTINE COMPLETED *****  CP =         0.000



 /OUTPUT FILE=         

 /OUTPUT FILE=         

 *** WARNING ***                         CP =       0.000   TIME= 00:00:00
 Altering the abort level key is not recommended.                        


 NUMBER OF DISPLAYED ERRORS ALLOWED PER COMMAND=                200
 NUMBER OF ERRORS ALLOWED PER COMMAND BEFORE ANSYS ABORT=     10000
 ABORT LEVEL KEY= -1
 ALL ERRORS WRITTEN TO                                                                                                                                                                                                                                                                     
 DO NOT TERMINATE /INPUT UPON FIRST ERROR

 /OUTPUT FILE=         

 /OUTPUT FILE=         

 /OUTPUT FILE=         

 /OUTPUT FILE=         

 CLEAR MAPDL DATABASE AND RESTART

 Ansys Mechanical Enterprise Academic Student      

 /OUTPUT FILE=         

 /OUTPUT FILE=         

 /OUTPUT FILE=         

 /OUTPUT FILE=         

 /OUTPUT FILE=         

 /OUTPUT FILE=         

 /OUTPUT FILE=         

 /OUTPUT FILE=         

 /OUTPUT FILE=         

 VECTOR GET OPERATION  _MYVGET_  VECTOR LENGTH=    1865
 NAME= NODE         0  NLIS      

 /OUTPUT FILE=         

 /OUTPUT FILE=         

 VECTOR GET OPERATION  _MYVGET_  VECTOR LENGTH=    1865
 NAME= NODE         0  NLIS      

 /OUTPUT FILE=         

 /OUTPUT FILE=         

 /OUTPUT FILE=         

 /OUTPUT FILE=         

 /OUTPUT FILE=         

 /OUTPUT FILE=         

 /OUTPUT FILE=         

 /OUTPUT FILE=         

 VECTOR GET OPERATION  _MYVGET_  VECTOR LENGTH=    1865
 NAME= NODE         0  U     X   

 VECTOR GET OPERATION  _MYVGET_  VECTOR LENGTH=    1865
 NAME= NODE         0  NSEL      

 VECTOR GET OPERATION  _MYVGET_  VECTOR LENGTH=    1865
 NAME= NODE         0  U     Y   

 VECTOR GET OPERATION  _MYVGET_  VECTOR LENGTH=    1865
 NAME= NODE         0  NSEL      

 VECTOR GET OPERATION  _MYVGET_  VECTOR LENGTH=    1865
 NAME= NODE         0  U     Z   

 VECTOR GET OPERATION  _MYVGET_  VECTOR LENGTH=    1865
 NAME= NODE         0  NSEL      

 /OUTPUT FILE=         

 DEFINITION OF COMPONENT = __CMP_KPKFSWH__  ENTITY=KP  

 DEFINITION OF COMPONENT = __CMP_LINEKFSWH__  ENTITY=LINE

 DEFINITION OF COMPONENT = __CMP_AREAKFSWH__  ENTITY=AREA

 DEFINITION OF COMPONENT = __CMP_VOLUKFSWH__  ENTITY=VOLU

 DEFINITION OF COMPONENT = __CMP_NODEKFSWH__  ENTITY=NODE

 DEFINITION OF COMPONENT = __CMP_ELEMKFSWH__  ENTITY=ELEM

 SELECT      ALL NODES HAVING ANY ELEMENT IN ELEMENT SET.

       1865 NODES (OF       1865  DEFINED) SELECTED FROM
      320 SELECTED ELEMENTS BY NSLE COMMAND.

 VECTOR GET OPERATION  _MYVGET_  VECTOR LENGTH=    1865
 NAME= NODE         0  NLIS      

 /OUTPUT FILE=         

 VECTOR GET OPERATION  _MYVGET_  VECTOR LENGTH=     320
 NAME= ELEM         0  ELIS      

 VECTOR GET OPERATION  _MYVGET_  VECTOR LENGTH=    1865
 NAME= NODE         0  NLIS      

 /OUTPUT FILE=         

 /OUTPUT FILE=         

 ALSO SELECT COMPONENT __CMP_KPKFSWH__                                                                                                                                                                                                                                                 

        8  KEYPOINTS (OF        8  DEFINED) SELECTED BY  KSEL  COMMAND.

 /OUTPUT FILE=         

 VECTOR GET OPERATION  _MYVGET_  VECTOR LENGTH=       8
 NAME= KP           0  KLIS      

 DELETE COMPONENT __CMP_KPKFSWH__                                                                                                                                                                                                                                                 

 ALSO SELECT COMPONENT __CMP_LINEKFSWH__                                                                                                                                                                                                                                               

       12  LINES (OF       12  DEFINED) SELECTED BY  LSEL  COMMAND.

 /OUTPUT FILE=         

 VECTOR GET OPERATION  _MYVGET_  VECTOR LENGTH=      12
 NAME= LINE         0  LLIS      

 /OUTPUT FILE=         

 DELETE COMPONENT __CMP_LINEKFSWH__                                                                                                                                                                                                                                               

 ALSO SELECT COMPONENT __CMP_AREAKFSWH__                                                                                                                                                                                                                                               

        6  AREAS (OF        6  DEFINED) SELECTED BY  ASEL  COMMAND.

 /OUTPUT FILE=         

 VECTOR GET OPERATION  _MYVGET_  VECTOR LENGTH=       6
 NAME= AREA         0  ALIS      

 DELETE COMPONENT __CMP_AREAKFSWH__                                                                                                                                                                                                                                               

 ALSO SELECT COMPONENT __CMP_VOLUKFSWH__                                                                                                                                                                                                                                               

        1  VOLUMES (OF        1  DEFINED) SELECTED BY  VSEL  COMMAND.

 /OUTPUT FILE=         

 VECTOR GET OPERATION  _MYVGET_  VECTOR LENGTH=       1
 NAME= VOLU         0  VLIS      

 DELETE COMPONENT __CMP_VOLUKFSWH__                                                                                                                                                                                                                                               

 ALSO SELECT COMPONENT __CMP_NODEKFSWH__                                                                                                                                                                                                                                               

       1865  NODES (OF       1865  DEFINED) SELECTED BY  NSEL  COMMAND.

 VECTOR GET OPERATION  _MYVGET_  VECTOR LENGTH=    1865
 NAME= NODE         0  NLIS      

 DELETE COMPONENT __CMP_NODEKFSWH__                                                                                                                                                                                                                                               

 ALSO SELECT COMPONENT __CMP_ELEMKFSWH__                                                                                                                                                                                                                                               

        320  ELEMENTS (OF        320  DEFINED) SELECTED BY  ESEL  COMMAND.

 /OUTPUT FILE=         

 VECTOR GET OPERATION  _MYVGET_  VECTOR LENGTH=     320
 NAME= ELEM         0  ELIS      

 DELETE COMPONENT __CMP_ELEMKFSWH__                                                                                                                                                                                                                                               

 /OUTPUT FILE=         

 VECTOR GET OPERATION  _MYVGET_  VECTOR LENGTH=     320
 NAME= ELEM         0  ELIS      

 VECTOR GET OPERATION  _MYVGET_  VECTOR LENGTH=    1865
 NAME= NODE         0  NLIS      

 /OUTPUT FILE=         

 /OUTPUT FILE=         

 EXIT MAPDL WHILE IN SERVER MODE

 SAVE ALL MODEL, SOLUTION AND POST DATA

 ALL CURRENT MAPDL DATA WRITTEN TO FILE NAME= 
  FOR POSSIBLE RESUME FROM THIS POINT


 NUMBER OF WARNING MESSAGES ENCOUNTERED=          2
 NUMBER OF ERROR   MESSAGES ENCOUNTERED=          0


 *-----------------------------------------------------------------------------*
 |                                                                             |
 |                               RUN COMPLETED                                 |
 |                                                                             |
 |-----------------------------------------------------------------------------|
 |                                                                             |
 |  Ansys MAPDL 2025 R1         Build 25.1         UP20241202    WINDOWS x64   |
 |                                                                             |
 |-----------------------------------------------------------------------------|
 |                                                                             |
 |  Database Requested(-db)  1024 MB     Scratch Memory Requested      1024 MB |
 |  Maximum Database Used       3 MB     Maximum Scratch Memory Used     50 MB |
 |                                                                             |
 |-----------------------------------------------------------------------------|
 |                                                                             |
 |        CP Time      (sec) =          1.141       Time  =  15:36:25          |
 |        Elapsed Time (sec) =         46.000       Date  =  01/11/2026        |
 |                                                                             |
 *-----------------------------------------------------------------------------*
